D:4.000000 2A:1.000000 -B:3.000000 C:2.500000
X1:5.000000 X2:1.000000
