|2.000000|x+
3.00000 4.00000 5.00000 6.00000 7.00000
