|5.000000|x|2.000000|*+|3.000000|+
10.00000 12.00000 14.00000 16.00000 18.00000
