Linear System:
2.000000 1.000000 -3.000000 -1.000000
-1.000000 3.000000 2.000000 12.000000
3.000000 1.000000 -3.000000 0.000000
Variable 01: Variable 02: Variable 03: -1.000000 Equal
12.000000 Equal
0.000000 Equal
