Linear System:
2.000000 1.000000 -3.000000 -1.000000
-1.000000 3.000000 2.000000 12.000000
3.000000 1.000000 -3.000000 0.000000
Step 1:
1.000000 1/2 -3/2 -1/2
0.000000 7/2 1/2 11.500000
0.000000 -1/2 3/2 3/2
Step 2:
1.000000 1/2 -3/2 -1/2
0.000000 1.000000 1/7 3.285714
0.000000 0.000000 11/7 3.142857
Step 3:
1.000000 1/2 -3/2 -1/2
0.000000 1.000000 1/7 3.285714
0.000000 0.000000 1.000000 2.000000
Solution:
1.000000 0.000000 0.000000 1.000000
0.000000 1.000000 0.000000 3.000000
0.000000 0.000000 1.000000 2.000000
