Linear System:
1.000000 3/2 3.000000
8.000000 18.000000 30.000000
Step 1:
1.000000 3/2 3.000000
0.000000 6.000000 6.000000
Step 2:
1.000000 3/2 3.000000
0.000000 1.000000 1.000000
Solution:
1.000000 0.000000 3/2
0.000000 1.000000 1.000000
