|1.000000|x/
1.000000 2.000000 6.000000 0.166667
RI - LI = -0.083333
RI: 0.653211
LI: 0.736544
MI: 0.692284
Trapezoidal Rule: 0.694877
Simpson Rule: 0.693170
